// Validating benchmarks:
// ***** BenchmarkRunner: Start   *****
// ***** Found 8 benchmark(s) in total *****
// ***** Building 1 exe(s) in Parallel: Start   *****
// start dotnet  restore --nodeReuse:false /p:UseSharedCompilation=false /p:Deterministic=true /p:Optimize=true /p:ArtifactsPath="D:\Simulation Academy\Assignments\Assignment-4\Assignment-4\bin\Release\net10.0\Assignment-4-DefaultJob-1/" /p:OutDir="D:\Simulation Academy\Assignments\Assignment-4\Assignment-4\bin\Release\net10.0\Assignment-4-DefaultJob-1\bin\Release\net10.0/" /p:OutputPath="D:\Simulation Academy\Assignments\Assignment-4\Assignment-4\bin\Release\net10.0\Assignment-4-DefaultJob-1\bin\Release\net10.0/" /p:PublishDir="D:\Simulation Academy\Assignments\Assignment-4\Assignment-4\bin\Release\net10.0\Assignment-4-DefaultJob-1\publish/" in D:\Simulation Academy\Assignments\Assignment-4\Assignment-4\bin\Release\net10.0\Assignment-4-DefaultJob-1
// command took 2.5 sec and exited with 0
// start dotnet  build -c Release --no-restore --nodeReuse:false /p:UseSharedCompilation=false /p:Deterministic=true /p:Optimize=true /p:ArtifactsPath="D:\Simulation Academy\Assignments\Assignment-4\Assignment-4\bin\Release\net10.0\Assignment-4-DefaultJob-1/" /p:OutDir="D:\Simulation Academy\Assignments\Assignment-4\Assignment-4\bin\Release\net10.0\Assignment-4-DefaultJob-1\bin\Release\net10.0/" /p:OutputPath="D:\Simulation Academy\Assignments\Assignment-4\Assignment-4\bin\Release\net10.0\Assignment-4-DefaultJob-1\bin\Release\net10.0/" /p:PublishDir="D:\Simulation Academy\Assignments\Assignment-4\Assignment-4\bin\Release\net10.0\Assignment-4-DefaultJob-1\publish/" --output "D:\Simulation Academy\Assignments\Assignment-4\Assignment-4\bin\Release\net10.0\Assignment-4-DefaultJob-1\bin\Release\net10.0/" in D:\Simulation Academy\Assignments\Assignment-4\Assignment-4\bin\Release\net10.0\Assignment-4-DefaultJob-1
// command took 6.97 sec and exited with 0
// ***** Done, took 00:00:09 (9.71 sec)   *****
// Found 8 benchmarks:
//   StringBenchmark.StringConcatenation: DefaultJob [Iterations=100]
//   StringBenchmark.StringBuilderConcatenation: DefaultJob [Iterations=100]
//   StringBenchmark.StringConcatenation: DefaultJob [Iterations=1000]
//   StringBenchmark.StringBuilderConcatenation: DefaultJob [Iterations=1000]
//   StringBenchmark.StringConcatenation: DefaultJob [Iterations=10000]
//   StringBenchmark.StringBuilderConcatenation: DefaultJob [Iterations=10000]
//   StringBenchmark.StringConcatenation: DefaultJob [Iterations=100000]
//   StringBenchmark.StringBuilderConcatenation: DefaultJob [Iterations=100000]

Setup power plan (GUID: 8c5e7fda-e8bf-4a96-9a85-a6e23a8c635c FriendlyName: High performance)
// **************************
// Benchmark: StringBenchmark.StringConcatenation: DefaultJob [Iterations=100]
// *** Execute ***
// Launch: 1 / 1
// Execute: dotnet Assignment-4-DefaultJob-1.dll --anonymousPipes 1484 1488 --benchmarkName "Assignment_4.StringBenchmark.StringConcatenation(Iterations: 100)" --job Default --benchmarkId 0 in D:\Simulation Academy\Assignments\Assignment-4\Assignment-4\bin\Release\net10.0\Assignment-4-DefaultJob-1\bin\Release\net10.0
// BeforeAnythingElse

// Benchmark Process Environment Information:
// BenchmarkDotNet v0.15.8
// Runtime=.NET 10.0.12 (10.0.12, 10.0.1226.42308), X64 RyuJIT x86-64-v3
// GC=Concurrent Workstation
// HardwareIntrinsics=AVX2+BMI1+BMI2+F16C+FMA+LZCNT+MOVBE,AVX,SSE3+SSSE3+SSE4.1+SSE4.2+POPCNT,X86Base+SSE+SSE2,AES+PCLMUL VectorSize=256
// Job: DefaultJob

OverheadJitting  1: 1 op, 212900.00 ns, 212.9000 us/op
WorkloadJitting  1: 1 op, 1135300.00 ns, 1.1353 ms/op

OverheadJitting  2: 16 op, 565800.00 ns, 35.3625 us/op
WorkloadJitting  2: 16 op, 1366700.00 ns, 85.4188 us/op

WorkloadPilot    1: 16 op, 715500.00 ns, 44.7188 us/op
WorkloadPilot    2: 32 op, 1598400.00 ns, 49.9500 us/op
WorkloadPilot    3: 64 op, 970300.00 ns, 15.1609 us/op
WorkloadPilot    4: 128 op, 3613800.00 ns, 28.2328 us/op
WorkloadPilot    5: 256 op, 3918600.00 ns, 15.3070 us/op
WorkloadPilot    6: 512 op, 6262100.00 ns, 12.2307 us/op
WorkloadPilot    7: 1024 op, 14336200.00 ns, 14.0002 us/op
WorkloadPilot    8: 2048 op, 27038700.00 ns, 13.2025 us/op
WorkloadPilot    9: 4096 op, 55573400.00 ns, 13.5677 us/op
WorkloadPilot   10: 8192 op, 129940700.00 ns, 15.8619 us/op
WorkloadPilot   11: 16384 op, 167222900.00 ns, 10.2065 us/op
WorkloadPilot   12: 32768 op, 300768500.00 ns, 9.1787 us/op
WorkloadPilot   13: 65536 op, 585929200.00 ns, 8.9406 us/op

OverheadWarmup   1: 65536 op, 251300.00 ns, 3.8345 ns/op
OverheadWarmup   2: 65536 op, 265700.00 ns, 4.0543 ns/op
OverheadWarmup   3: 65536 op, 239300.00 ns, 3.6514 ns/op
OverheadWarmup   4: 65536 op, 239200.00 ns, 3.6499 ns/op
OverheadWarmup   5: 65536 op, 238600.00 ns, 3.6407 ns/op
OverheadWarmup   6: 65536 op, 239300.00 ns, 3.6514 ns/op
OverheadWarmup   7: 65536 op, 247800.00 ns, 3.7811 ns/op
OverheadWarmup   8: 65536 op, 289700.00 ns, 4.4205 ns/op
OverheadWarmup   9: 65536 op, 244800.00 ns, 3.7354 ns/op

OverheadActual   1: 65536 op, 238000.00 ns, 3.6316 ns/op
OverheadActual   2: 65536 op, 239700.00 ns, 3.6575 ns/op
OverheadActual   3: 65536 op, 239000.00 ns, 3.6469 ns/op
OverheadActual   4: 65536 op, 415500.00 ns, 6.3400 ns/op
OverheadActual   5: 65536 op, 463900.00 ns, 7.0786 ns/op
OverheadActual   6: 65536 op, 278200.00 ns, 4.2450 ns/op
OverheadActual   7: 65536 op, 310300.00 ns, 4.7348 ns/op
OverheadActual   8: 65536 op, 308800.00 ns, 4.7119 ns/op
OverheadActual   9: 65536 op, 264000.00 ns, 4.0283 ns/op
OverheadActual  10: 65536 op, 238800.00 ns, 3.6438 ns/op
OverheadActual  11: 65536 op, 254600.00 ns, 3.8849 ns/op
OverheadActual  12: 65536 op, 242600.00 ns, 3.7018 ns/op
OverheadActual  13: 65536 op, 239600.00 ns, 3.6560 ns/op
OverheadActual  14: 65536 op, 240000.00 ns, 3.6621 ns/op
OverheadActual  15: 65536 op, 253900.00 ns, 3.8742 ns/op
OverheadActual  16: 65536 op, 264700.00 ns, 4.0390 ns/op
OverheadActual  17: 65536 op, 539900.00 ns, 8.2382 ns/op
OverheadActual  18: 65536 op, 491300.00 ns, 7.4966 ns/op
OverheadActual  19: 65536 op, 563600.00 ns, 8.5999 ns/op
OverheadActual  20: 65536 op, 261600.00 ns, 3.9917 ns/op

WorkloadWarmup   1: 65536 op, 618499500.00 ns, 9.4376 us/op
WorkloadWarmup   2: 65536 op, 581510800.00 ns, 8.8732 us/op
WorkloadWarmup   3: 65536 op, 577840300.00 ns, 8.8171 us/op
WorkloadWarmup   4: 65536 op, 576128600.00 ns, 8.7910 us/op
WorkloadWarmup   5: 65536 op, 574870400.00 ns, 8.7718 us/op
WorkloadWarmup   6: 65536 op, 571517200.00 ns, 8.7207 us/op
WorkloadWarmup   7: 65536 op, 575267000.00 ns, 8.7779 us/op
WorkloadWarmup   8: 65536 op, 582647300.00 ns, 8.8905 us/op
WorkloadWarmup   9: 65536 op, 593897400.00 ns, 9.0622 us/op
WorkloadWarmup  10: 65536 op, 566382800.00 ns, 8.6423 us/op
WorkloadWarmup  11: 65536 op, 570447200.00 ns, 8.7043 us/op
WorkloadWarmup  12: 65536 op, 582267200.00 ns, 8.8847 us/op
WorkloadWarmup  13: 65536 op, 578735700.00 ns, 8.8308 us/op

// BeforeActualRun
WorkloadActual   1: 65536 op, 572568800.00 ns, 8.7367 us/op
WorkloadActual   2: 65536 op, 592585600.00 ns, 9.0421 us/op
WorkloadActual   3: 65536 op, 585292400.00 ns, 8.9309 us/op
WorkloadActual   4: 65536 op, 567380500.00 ns, 8.6575 us/op
WorkloadActual   5: 65536 op, 573773100.00 ns, 8.7551 us/op
WorkloadActual   6: 65536 op, 604814300.00 ns, 9.2287 us/op
WorkloadActual   7: 65536 op, 604385800.00 ns, 9.2222 us/op
WorkloadActual   8: 65536 op, 616808800.00 ns, 9.4118 us/op
WorkloadActual   9: 65536 op, 602847800.00 ns, 9.1987 us/op
WorkloadActual  10: 65536 op, 593365400.00 ns, 9.0540 us/op
WorkloadActual  11: 65536 op, 585512800.00 ns, 8.9342 us/op
WorkloadActual  12: 65536 op, 587701200.00 ns, 8.9676 us/op
WorkloadActual  13: 65536 op, 594322300.00 ns, 9.0686 us/op
WorkloadActual  14: 65536 op, 582589800.00 ns, 8.8896 us/op
WorkloadActual  15: 65536 op, 583186000.00 ns, 8.8987 us/op
WorkloadActual  16: 65536 op, 592857000.00 ns, 9.0463 us/op
WorkloadActual  17: 65536 op, 590325500.00 ns, 9.0077 us/op

// AfterActualRun
WorkloadResult   1: 65536 op, 572306000.00 ns, 8.7327 us/op
WorkloadResult   2: 65536 op, 592322800.00 ns, 9.0381 us/op
WorkloadResult   3: 65536 op, 585029600.00 ns, 8.9268 us/op
WorkloadResult   4: 65536 op, 567117700.00 ns, 8.6535 us/op
WorkloadResult   5: 65536 op, 573510300.00 ns, 8.7511 us/op
WorkloadResult   6: 65536 op, 604551500.00 ns, 9.2247 us/op
WorkloadResult   7: 65536 op, 604123000.00 ns, 9.2182 us/op
WorkloadResult   8: 65536 op, 602585000.00 ns, 9.1947 us/op
WorkloadResult   9: 65536 op, 593102600.00 ns, 9.0500 us/op
WorkloadResult  10: 65536 op, 585250000.00 ns, 8.9302 us/op
WorkloadResult  11: 65536 op, 587438400.00 ns, 8.9636 us/op
WorkloadResult  12: 65536 op, 594059500.00 ns, 9.0646 us/op
WorkloadResult  13: 65536 op, 582327000.00 ns, 8.8856 us/op
WorkloadResult  14: 65536 op, 582923200.00 ns, 8.8947 us/op
WorkloadResult  15: 65536 op, 592594200.00 ns, 9.0423 us/op
WorkloadResult  16: 65536 op, 590062700.00 ns, 9.0036 us/op
// GC:  2333 0 0 7320645680 65536
// Threading:  0 0 65536

// AfterAll
// Benchmark Process 5744 has exited with code 0.

Mean = 8.973 μs, StdErr = 0.042 μs (0.47%), N = 16, StdDev = 0.168 μs
Min = 8.654 μs, Q1 = 8.892 μs, Median = 8.984 μs, Q3 = 9.054 μs, Max = 9.225 μs
IQR = 0.161 μs, LowerFence = 8.651 μs, UpperFence = 9.296 μs
ConfidenceInterval = [8.802 μs; 9.145 μs] (CI 99.9%), Margin = 0.171 μs (1.91% of Mean)
Skewness = -0.21, Kurtosis = 2.07, MValue = 2

// ** Remained 7 (87.5%) benchmark(s) to run. Estimated finish 2026-09-26 1:47 (0h 2m from now) **
Setup power plan (GUID: 8c5e7fda-e8bf-4a96-9a85-a6e23a8c635c FriendlyName: High performance)
// **************************
// Benchmark: StringBenchmark.StringBuilderConcatenation: DefaultJob [Iterations=100]
// *** Execute ***
// Launch: 1 / 1
// Execute: dotnet Assignment-4-DefaultJob-1.dll --anonymousPipes 1524 1484 --benchmarkName "Assignment_4.StringBenchmark.StringBuilderConcatenation(Iterations: 100)" --job Default --benchmarkId 1 in D:\Simulation Academy\Assignments\Assignment-4\Assignment-4\bin\Release\net10.0\Assignment-4-DefaultJob-1\bin\Release\net10.0
// BeforeAnythingElse

// Benchmark Process Environment Information:
// BenchmarkDotNet v0.15.8
// Runtime=.NET 10.0.12 (10.0.12, 10.0.1226.42308), X64 RyuJIT x86-64-v3
// GC=Concurrent Workstation
// HardwareIntrinsics=AVX2+BMI1+BMI2+F16C+FMA+LZCNT+MOVBE,AVX,SSE3+SSSE3+SSE4.1+SSE4.2+POPCNT,X86Base+SSE+SSE2,AES+PCLMUL VectorSize=256
// Job: DefaultJob

OverheadJitting  1: 1 op, 241800.00 ns, 241.8000 us/op
WorkloadJitting  1: 1 op, 1001400.00 ns, 1.0014 ms/op

OverheadJitting  2: 16 op, 560400.00 ns, 35.0250 us/op
WorkloadJitting  2: 16 op, 701200.00 ns, 43.8250 us/op

WorkloadPilot    1: 16 op, 138200.00 ns, 8.6375 us/op
WorkloadPilot    2: 32 op, 229200.00 ns, 7.1625 us/op
WorkloadPilot    3: 64 op, 462100.00 ns, 7.2203 us/op
WorkloadPilot    4: 128 op, 898800.00 ns, 7.0219 us/op
WorkloadPilot    5: 256 op, 2175700.00 ns, 8.4988 us/op
WorkloadPilot    6: 512 op, 3183600.00 ns, 6.2180 us/op
WorkloadPilot    7: 1024 op, 6252500.00 ns, 6.1060 us/op
WorkloadPilot    8: 2048 op, 9422000.00 ns, 4.6006 us/op
WorkloadPilot    9: 4096 op, 20404000.00 ns, 4.9814 us/op
WorkloadPilot   10: 8192 op, 43400400.00 ns, 5.2979 us/op
WorkloadPilot   11: 16384 op, 96730400.00 ns, 5.9040 us/op
WorkloadPilot   12: 32768 op, 118873600.00 ns, 3.6277 us/op
WorkloadPilot   13: 65536 op, 137812300.00 ns, 2.1028 us/op
WorkloadPilot   14: 131072 op, 262591000.00 ns, 2.0034 us/op
WorkloadPilot   15: 262144 op, 511378300.00 ns, 1.9508 us/op

OverheadWarmup   1: 262144 op, 1037200.00 ns, 3.9566 ns/op
OverheadWarmup   2: 262144 op, 1027000.00 ns, 3.9177 ns/op
OverheadWarmup   3: 262144 op, 1031400.00 ns, 3.9345 ns/op
OverheadWarmup   4: 262144 op, 1033600.00 ns, 3.9429 ns/op
OverheadWarmup   5: 262144 op, 1033400.00 ns, 3.9421 ns/op
OverheadWarmup   6: 262144 op, 1026200.00 ns, 3.9146 ns/op
OverheadWarmup   7: 262144 op, 1062000.00 ns, 4.0512 ns/op
OverheadWarmup   8: 262144 op, 1036600.00 ns, 3.9543 ns/op

OverheadActual   1: 262144 op, 1030100.00 ns, 3.9295 ns/op
OverheadActual   2: 262144 op, 1033000.00 ns, 3.9406 ns/op
OverheadActual   3: 262144 op, 1056800.00 ns, 4.0314 ns/op
OverheadActual   4: 262144 op, 1159700.00 ns, 4.4239 ns/op
OverheadActual   5: 262144 op, 1050500.00 ns, 4.0073 ns/op
OverheadActual   6: 262144 op, 1029100.00 ns, 3.9257 ns/op
OverheadActual   7: 262144 op, 1026700.00 ns, 3.9165 ns/op
OverheadActual   8: 262144 op, 1033300.00 ns, 3.9417 ns/op
OverheadActual   9: 262144 op, 1030800.00 ns, 3.9322 ns/op
OverheadActual  10: 262144 op, 1057400.00 ns, 4.0337 ns/op
OverheadActual  11: 262144 op, 1338400.00 ns, 5.1056 ns/op
OverheadActual  12: 262144 op, 1109000.00 ns, 4.2305 ns/op
OverheadActual  13: 262144 op, 1033400.00 ns, 3.9421 ns/op
OverheadActual  14: 262144 op, 1032500.00 ns, 3.9387 ns/op
OverheadActual  15: 262144 op, 1027000.00 ns, 3.9177 ns/op

WorkloadWarmup   1: 262144 op, 522401100.00 ns, 1.9928 us/op
WorkloadWarmup   2: 262144 op, 518735000.00 ns, 1.9788 us/op
WorkloadWarmup   3: 262144 op, 510308600.00 ns, 1.9467 us/op
WorkloadWarmup   4: 262144 op, 495014600.00 ns, 1.8883 us/op
WorkloadWarmup   5: 262144 op, 512297300.00 ns, 1.9543 us/op
WorkloadWarmup   6: 262144 op, 502657900.00 ns, 1.9175 us/op
WorkloadWarmup   7: 262144 op, 497283800.00 ns, 1.8970 us/op
WorkloadWarmup   8: 262144 op, 499552000.00 ns, 1.9056 us/op
WorkloadWarmup   9: 262144 op, 513056000.00 ns, 1.9572 us/op
WorkloadWarmup  10: 262144 op, 516493900.00 ns, 1.9703 us/op
WorkloadWarmup  11: 262144 op, 496050000.00 ns, 1.8923 us/op

// BeforeActualRun
WorkloadActual   1: 262144 op, 509601000.00 ns, 1.9440 us/op
WorkloadActual   2: 262144 op, 508779200.00 ns, 1.9408 us/op
WorkloadActual   3: 262144 op, 511843200.00 ns, 1.9525 us/op
WorkloadActual   4: 262144 op, 517644700.00 ns, 1.9747 us/op
WorkloadActual   5: 262144 op, 529925900.00 ns, 2.0215 us/op
WorkloadActual   6: 262144 op, 515272000.00 ns, 1.9656 us/op
WorkloadActual   7: 262144 op, 508596200.00 ns, 1.9401 us/op
WorkloadActual   8: 262144 op, 513734900.00 ns, 1.9597 us/op
WorkloadActual   9: 262144 op, 507294200.00 ns, 1.9352 us/op
WorkloadActual  10: 262144 op, 508591800.00 ns, 1.9401 us/op
WorkloadActual  11: 262144 op, 493127400.00 ns, 1.8811 us/op
WorkloadActual  12: 262144 op, 519982800.00 ns, 1.9836 us/op
WorkloadActual  13: 262144 op, 504717800.00 ns, 1.9253 us/op
WorkloadActual  14: 262144 op, 509116400.00 ns, 1.9421 us/op
WorkloadActual  15: 262144 op, 517421200.00 ns, 1.9738 us/op

// AfterActualRun
WorkloadResult   1: 262144 op, 508567700.00 ns, 1.9400 us/op
WorkloadResult   2: 262144 op, 507745900.00 ns, 1.9369 us/op
WorkloadResult   3: 262144 op, 510809900.00 ns, 1.9486 us/op
WorkloadResult   4: 262144 op, 516611400.00 ns, 1.9707 us/op
WorkloadResult   5: 262144 op, 514238700.00 ns, 1.9617 us/op
WorkloadResult   6: 262144 op, 507562900.00 ns, 1.9362 us/op
WorkloadResult   7: 262144 op, 512701600.00 ns, 1.9558 us/op
WorkloadResult   8: 262144 op, 506260900.00 ns, 1.9312 us/op
WorkloadResult   9: 262144 op, 507558500.00 ns, 1.9362 us/op
WorkloadResult  10: 262144 op, 492094100.00 ns, 1.8772 us/op
WorkloadResult  11: 262144 op, 518949500.00 ns, 1.9796 us/op
WorkloadResult  12: 262144 op, 503684500.00 ns, 1.9214 us/op
WorkloadResult  13: 262144 op, 508083100.00 ns, 1.9382 us/op
WorkloadResult  14: 262144 op, 516387900.00 ns, 1.9699 us/op
// GC:  975 0 0 3061841952 262144
// Threading:  0 0 262144

// AfterAll
// Benchmark Process 28480 has exited with code 0.

Mean = 1.943 μs, StdErr = 0.007 μs (0.35%), N = 14, StdDev = 0.026 μs
Min = 1.877 μs, Q1 = 1.936 μs, Median = 1.939 μs, Q3 = 1.960 μs, Max = 1.980 μs
IQR = 0.024 μs, LowerFence = 1.900 μs, UpperFence = 1.996 μs
ConfidenceInterval = [1.914 μs; 1.972 μs] (CI 99.9%), Margin = 0.029 μs (1.48% of Mean)
Skewness = -0.87, Kurtosis = 3.72, MValue = 2

// ** Remained 6 (75.0%) benchmark(s) to run. Estimated finish 2026-09-26 1:46 (0h 1m from now) **
Setup power plan (GUID: 8c5e7fda-e8bf-4a96-9a85-a6e23a8c635c FriendlyName: High performance)
// **************************
// Benchmark: StringBenchmark.StringConcatenation: DefaultJob [Iterations=1000]
// *** Execute ***
// Launch: 1 / 1
// Execute: dotnet Assignment-4-DefaultJob-1.dll --anonymousPipes 1556 1552 --benchmarkName "Assignment_4.StringBenchmark.StringConcatenation(Iterations: 1000)" --job Default --benchmarkId 2 in D:\Simulation Academy\Assignments\Assignment-4\Assignment-4\bin\Release\net10.0\Assignment-4-DefaultJob-1\bin\Release\net10.0
// BeforeAnythingElse

// Benchmark Process Environment Information:
// BenchmarkDotNet v0.15.8
// Runtime=.NET 10.0.12 (10.0.12, 10.0.1226.42308), X64 RyuJIT x86-64-v3
// GC=Concurrent Workstation
// HardwareIntrinsics=AVX2+BMI1+BMI2+F16C+FMA+LZCNT+MOVBE,AVX,SSE3+SSSE3+SSE4.1+SSE4.2+POPCNT,X86Base+SSE+SSE2,AES+PCLMUL VectorSize=256
// Job: DefaultJob

OverheadJitting  1: 1 op, 248100.00 ns, 248.1000 us/op
WorkloadJitting  1: 1 op, 3179000.00 ns, 3.1790 ms/op

OverheadJitting  2: 16 op, 673200.00 ns, 42.0750 us/op
WorkloadJitting  2: 16 op, 23090600.00 ns, 1.4432 ms/op

WorkloadPilot    1: 16 op, 17854100.00 ns, 1.1159 ms/op
WorkloadPilot    2: 32 op, 32804800.00 ns, 1.0252 ms/op
WorkloadPilot    3: 64 op, 60303600.00 ns, 942.2438 us/op
WorkloadPilot    4: 128 op, 125166400.00 ns, 977.8625 us/op
WorkloadPilot    5: 256 op, 222536200.00 ns, 869.2820 us/op
WorkloadPilot    6: 512 op, 442917300.00 ns, 865.0729 us/op
WorkloadPilot    7: 1024 op, 846239600.00 ns, 826.4059 us/op

OverheadWarmup   1: 1024 op, 10000.00 ns, 9.7656 ns/op
OverheadWarmup   2: 1024 op, 4400.00 ns, 4.2969 ns/op
OverheadWarmup   3: 1024 op, 4500.00 ns, 4.3945 ns/op
OverheadWarmup   4: 1024 op, 4700.00 ns, 4.5898 ns/op
OverheadWarmup   5: 1024 op, 4500.00 ns, 4.3945 ns/op
OverheadWarmup   6: 1024 op, 4700.00 ns, 4.5898 ns/op
OverheadWarmup   7: 1024 op, 4500.00 ns, 4.3945 ns/op

OverheadActual   1: 1024 op, 4600.00 ns, 4.4922 ns/op
OverheadActual   2: 1024 op, 4500.00 ns, 4.3945 ns/op
OverheadActual   3: 1024 op, 4700.00 ns, 4.5898 ns/op
OverheadActual   4: 1024 op, 4400.00 ns, 4.2969 ns/op
OverheadActual   5: 1024 op, 4800.00 ns, 4.6875 ns/op
OverheadActual   6: 1024 op, 4400.00 ns, 4.2969 ns/op
OverheadActual   7: 1024 op, 4700.00 ns, 4.5898 ns/op
OverheadActual   8: 1024 op, 5300.00 ns, 5.1758 ns/op
OverheadActual   9: 1024 op, 4400.00 ns, 4.2969 ns/op
OverheadActual  10: 1024 op, 4300.00 ns, 4.1992 ns/op
OverheadActual  11: 1024 op, 4400.00 ns, 4.2969 ns/op
OverheadActual  12: 1024 op, 4400.00 ns, 4.2969 ns/op
OverheadActual  13: 1024 op, 4600.00 ns, 4.4922 ns/op
OverheadActual  14: 1024 op, 4400.00 ns, 4.2969 ns/op
OverheadActual  15: 1024 op, 4400.00 ns, 4.2969 ns/op

WorkloadWarmup   1: 1024 op, 868329500.00 ns, 847.9780 us/op
WorkloadWarmup   2: 1024 op, 828789900.00 ns, 809.3651 us/op
WorkloadWarmup   3: 1024 op, 853963400.00 ns, 833.9486 us/op
WorkloadWarmup   4: 1024 op, 835352100.00 ns, 815.7735 us/op
WorkloadWarmup   5: 1024 op, 844569600.00 ns, 824.7750 us/op
WorkloadWarmup   6: 1024 op, 822953000.00 ns, 803.6650 us/op

// BeforeActualRun
WorkloadActual   1: 1024 op, 839427100.00 ns, 819.7530 us/op
WorkloadActual   2: 1024 op, 841401300.00 ns, 821.6810 us/op
WorkloadActual   3: 1024 op, 851188800.00 ns, 831.2391 us/op
WorkloadActual   4: 1024 op, 839122000.00 ns, 819.4551 us/op
WorkloadActual   5: 1024 op, 834982900.00 ns, 815.4130 us/op
WorkloadActual   6: 1024 op, 856240300.00 ns, 836.1722 us/op
WorkloadActual   7: 1024 op, 833986400.00 ns, 814.4398 us/op
WorkloadActual   8: 1024 op, 833764800.00 ns, 814.2234 us/op
WorkloadActual   9: 1024 op, 828949900.00 ns, 809.5214 us/op
WorkloadActual  10: 1024 op, 854172900.00 ns, 834.1532 us/op
WorkloadActual  11: 1024 op, 832069600.00 ns, 812.5680 us/op
WorkloadActual  12: 1024 op, 829523300.00 ns, 810.0813 us/op
WorkloadActual  13: 1024 op, 825598300.00 ns, 806.2483 us/op
WorkloadActual  14: 1024 op, 848063600.00 ns, 828.1871 us/op
WorkloadActual  15: 1024 op, 815766200.00 ns, 796.6467 us/op

// AfterActualRun
WorkloadResult   1: 1024 op, 839422700.00 ns, 819.7487 us/op
WorkloadResult   2: 1024 op, 841396900.00 ns, 821.6767 us/op
WorkloadResult   3: 1024 op, 851184400.00 ns, 831.2348 us/op
WorkloadResult   4: 1024 op, 839117600.00 ns, 819.4508 us/op
WorkloadResult   5: 1024 op, 834978500.00 ns, 815.4087 us/op
WorkloadResult   6: 1024 op, 856235900.00 ns, 836.1679 us/op
WorkloadResult   7: 1024 op, 833982000.00 ns, 814.4355 us/op
WorkloadResult   8: 1024 op, 833760400.00 ns, 814.2191 us/op
WorkloadResult   9: 1024 op, 828945500.00 ns, 809.5171 us/op
WorkloadResult  10: 1024 op, 854168500.00 ns, 834.1489 us/op
WorkloadResult  11: 1024 op, 832065200.00 ns, 812.5637 us/op
WorkloadResult  12: 1024 op, 829518900.00 ns, 810.0771 us/op
WorkloadResult  13: 1024 op, 825593900.00 ns, 806.2440 us/op
WorkloadResult  14: 1024 op, 848059200.00 ns, 828.1828 us/op
WorkloadResult  15: 1024 op, 815761800.00 ns, 796.6424 us/op
// GC:  3859 0 0 12136554496 1024
// Threading:  0 0 1024

// AfterAll
// Benchmark Process 15912 has exited with code 0.

Mean = 817.981 μs, StdErr = 2.829 μs (0.35%), N = 15, StdDev = 10.957 μs
Min = 796.642 μs, Q1 = 811.320 μs, Median = 815.409 μs, Q3 = 824.930 μs, Max = 836.168 μs
IQR = 13.609 μs, LowerFence = 790.906 μs, UpperFence = 845.344 μs
ConfidenceInterval = [806.268 μs; 829.695 μs] (CI 99.9%), Margin = 11.714 μs (1.43% of Mean)
Skewness = 0.05, Kurtosis = 2.11, MValue = 2

// ** Remained 5 (62.5%) benchmark(s) to run. Estimated finish 2026-09-26 1:46 (0h 1m from now) **
Setup power plan (GUID: 8c5e7fda-e8bf-4a96-9a85-a6e23a8c635c FriendlyName: High performance)
// **************************
// Benchmark: StringBenchmark.StringBuilderConcatenation: DefaultJob [Iterations=1000]
// *** Execute ***
// Launch: 1 / 1
// Execute: dotnet Assignment-4-DefaultJob-1.dll --anonymousPipes 1528 1540 --benchmarkName "Assignment_4.StringBenchmark.StringBuilderConcatenation(Iterations: 1000)" --job Default --benchmarkId 3 in D:\Simulation Academy\Assignments\Assignment-4\Assignment-4\bin\Release\net10.0\Assignment-4-DefaultJob-1\bin\Release\net10.0
// BeforeAnythingElse

// Benchmark Process Environment Information:
// BenchmarkDotNet v0.15.8
// Runtime=.NET 10.0.12 (10.0.12, 10.0.1226.42308), X64 RyuJIT x86-64-v3
// GC=Concurrent Workstation
// HardwareIntrinsics=AVX2+BMI1+BMI2+F16C+FMA+LZCNT+MOVBE,AVX,SSE3+SSSE3+SSE4.1+SSE4.2+POPCNT,X86Base+SSE+SSE2,AES+PCLMUL VectorSize=256
// Job: DefaultJob

OverheadJitting  1: 1 op, 236000.00 ns, 236.0000 us/op
WorkloadJitting  1: 1 op, 1387400.00 ns, 1.3874 ms/op

OverheadJitting  2: 16 op, 559900.00 ns, 34.9938 us/op
WorkloadJitting  2: 16 op, 7014600.00 ns, 438.4125 us/op

WorkloadPilot    1: 16 op, 1322900.00 ns, 82.6813 us/op
WorkloadPilot    2: 32 op, 2042700.00 ns, 63.8344 us/op
WorkloadPilot    3: 64 op, 3121700.00 ns, 48.7766 us/op
WorkloadPilot    4: 128 op, 7402400.00 ns, 57.8313 us/op
WorkloadPilot    5: 256 op, 13035900.00 ns, 50.9215 us/op
WorkloadPilot    6: 512 op, 25688800.00 ns, 50.1734 us/op
WorkloadPilot    7: 1024 op, 50455900.00 ns, 49.2733 us/op
WorkloadPilot    8: 2048 op, 130860500.00 ns, 63.8967 us/op
WorkloadPilot    9: 4096 op, 124402700.00 ns, 30.3718 us/op
WorkloadPilot   10: 8192 op, 200976700.00 ns, 24.5333 us/op
WorkloadPilot   11: 16384 op, 395300000.00 ns, 24.1272 us/op
WorkloadPilot   12: 32768 op, 789165100.00 ns, 24.0834 us/op

OverheadWarmup   1: 32768 op, 133700.00 ns, 4.0802 ns/op
OverheadWarmup   2: 32768 op, 129300.00 ns, 3.9459 ns/op
OverheadWarmup   3: 32768 op, 128900.00 ns, 3.9337 ns/op
OverheadWarmup   4: 32768 op, 136900.00 ns, 4.1779 ns/op
OverheadWarmup   5: 32768 op, 139200.00 ns, 4.2480 ns/op
OverheadWarmup   6: 32768 op, 127700.00 ns, 3.8971 ns/op
OverheadWarmup   7: 32768 op, 128700.00 ns, 3.9276 ns/op
OverheadWarmup   8: 32768 op, 129200.00 ns, 3.9429 ns/op
OverheadWarmup   9: 32768 op, 130100.00 ns, 3.9703 ns/op
OverheadWarmup  10: 32768 op, 129600.00 ns, 3.9551 ns/op

OverheadActual   1: 32768 op, 130900.00 ns, 3.9948 ns/op
OverheadActual   2: 32768 op, 128600.00 ns, 3.9246 ns/op
OverheadActual   3: 32768 op, 130800.00 ns, 3.9917 ns/op
OverheadActual   4: 32768 op, 128400.00 ns, 3.9185 ns/op
OverheadActual   5: 32768 op, 136600.00 ns, 4.1687 ns/op
OverheadActual   6: 32768 op, 157900.00 ns, 4.8187 ns/op
OverheadActual   7: 32768 op, 129200.00 ns, 3.9429 ns/op
OverheadActual   8: 32768 op, 129600.00 ns, 3.9551 ns/op
OverheadActual   9: 32768 op, 130000.00 ns, 3.9673 ns/op
OverheadActual  10: 32768 op, 129500.00 ns, 3.9520 ns/op
OverheadActual  11: 32768 op, 129200.00 ns, 3.9429 ns/op
OverheadActual  12: 32768 op, 128200.00 ns, 3.9124 ns/op
OverheadActual  13: 32768 op, 128500.00 ns, 3.9215 ns/op
OverheadActual  14: 32768 op, 130300.00 ns, 3.9764 ns/op
OverheadActual  15: 32768 op, 131500.00 ns, 4.0131 ns/op

WorkloadWarmup   1: 32768 op, 845826800.00 ns, 25.8126 us/op
WorkloadWarmup   2: 32768 op, 811281000.00 ns, 24.7583 us/op
WorkloadWarmup   3: 32768 op, 802853900.00 ns, 24.5012 us/op
WorkloadWarmup   4: 32768 op, 808315200.00 ns, 24.6678 us/op
WorkloadWarmup   5: 32768 op, 789656800.00 ns, 24.0984 us/op
WorkloadWarmup   6: 32768 op, 813763300.00 ns, 24.8341 us/op
WorkloadWarmup   7: 32768 op, 923869800.00 ns, 28.1943 us/op
WorkloadWarmup   8: 32768 op, 888567000.00 ns, 27.1169 us/op

// BeforeActualRun
WorkloadActual   1: 32768 op, 854561400.00 ns, 26.0791 us/op
WorkloadActual   2: 32768 op, 841834600.00 ns, 25.6908 us/op
WorkloadActual   3: 32768 op, 812088700.00 ns, 24.7830 us/op
WorkloadActual   4: 32768 op, 814547700.00 ns, 24.8580 us/op
WorkloadActual   5: 32768 op, 785665400.00 ns, 23.9766 us/op
WorkloadActual   6: 32768 op, 791696400.00 ns, 24.1607 us/op
WorkloadActual   7: 32768 op, 796715900.00 ns, 24.3138 us/op
WorkloadActual   8: 32768 op, 804572500.00 ns, 24.5536 us/op
WorkloadActual   9: 32768 op, 791904100.00 ns, 24.1670 us/op
WorkloadActual  10: 32768 op, 776955500.00 ns, 23.7108 us/op
WorkloadActual  11: 32768 op, 786348100.00 ns, 23.9974 us/op
WorkloadActual  12: 32768 op, 763451800.00 ns, 23.2987 us/op
WorkloadActual  13: 32768 op, 782715700.00 ns, 23.8866 us/op
WorkloadActual  14: 32768 op, 772878800.00 ns, 23.5864 us/op
WorkloadActual  15: 32768 op, 774761700.00 ns, 23.6439 us/op
WorkloadActual  16: 32768 op, 787399500.00 ns, 24.0295 us/op
WorkloadActual  17: 32768 op, 783868700.00 ns, 23.9218 us/op

// AfterActualRun
WorkloadResult   1: 32768 op, 811959100.00 ns, 24.7790 us/op
WorkloadResult   2: 32768 op, 814418100.00 ns, 24.8541 us/op
WorkloadResult   3: 32768 op, 785535800.00 ns, 23.9727 us/op
WorkloadResult   4: 32768 op, 791566800.00 ns, 24.1567 us/op
WorkloadResult   5: 32768 op, 796586300.00 ns, 24.3099 us/op
WorkloadResult   6: 32768 op, 804442900.00 ns, 24.5496 us/op
WorkloadResult   7: 32768 op, 791774500.00 ns, 24.1630 us/op
WorkloadResult   8: 32768 op, 776825900.00 ns, 23.7068 us/op
WorkloadResult   9: 32768 op, 786218500.00 ns, 23.9935 us/op
WorkloadResult  10: 32768 op, 763322200.00 ns, 23.2947 us/op
WorkloadResult  11: 32768 op, 782586100.00 ns, 23.8826 us/op
WorkloadResult  12: 32768 op, 772749200.00 ns, 23.5824 us/op
WorkloadResult  13: 32768 op, 774632100.00 ns, 23.6399 us/op
WorkloadResult  14: 32768 op, 787269900.00 ns, 24.0256 us/op
WorkloadResult  15: 32768 op, 783739100.00 ns, 23.9178 us/op
// GC:  1328 0 0 4174118912 32768
// Threading:  0 0 32768

// AfterAll
// Benchmark Process 18588 has exited with code 0.

Mean = 24.055 μs, StdErr = 0.112 μs (0.47%), N = 15, StdDev = 0.435 μs
Min = 23.295 μs, Q1 = 23.795 μs, Median = 23.993 μs, Q3 = 24.236 μs, Max = 24.854 μs
IQR = 0.442 μs, LowerFence = 23.132 μs, UpperFence = 24.899 μs
ConfidenceInterval = [23.590 μs; 24.520 μs] (CI 99.9%), Margin = 0.465 μs (1.93% of Mean)
Skewness = 0.29, Kurtosis = 2.19, MValue = 2

// ** Remained 4 (50.0%) benchmark(s) to run. Estimated finish 2026-09-26 1:47 (0h 1m from now) **
Setup power plan (GUID: 8c5e7fda-e8bf-4a96-9a85-a6e23a8c635c FriendlyName: High performance)
// **************************
// Benchmark: StringBenchmark.StringConcatenation: DefaultJob [Iterations=10000]
// *** Execute ***
// Launch: 1 / 1
// Execute: dotnet Assignment-4-DefaultJob-1.dll --anonymousPipes 1176 1620 --benchmarkName "Assignment_4.StringBenchmark.StringConcatenation(Iterations: 10000)" --job Default --benchmarkId 4 in D:\Simulation Academy\Assignments\Assignment-4\Assignment-4\bin\Release\net10.0\Assignment-4-DefaultJob-1\bin\Release\net10.0
// BeforeAnythingElse

// Benchmark Process Environment Information:
// BenchmarkDotNet v0.15.8
// Runtime=.NET 10.0.12 (10.0.12, 10.0.1226.42308), X64 RyuJIT x86-64-v3
// GC=Concurrent Workstation
// HardwareIntrinsics=AVX2+BMI1+BMI2+F16C+FMA+LZCNT+MOVBE,AVX,SSE3+SSSE3+SSE4.1+SSE4.2+POPCNT,X86Base+SSE+SSE2,AES+PCLMUL VectorSize=256
// Job: DefaultJob

OverheadJitting  1: 1 op, 249800.00 ns, 249.8000 us/op
WorkloadJitting  1: 1 op, 193042000.00 ns, 193.0420 ms/op

WorkloadPilot    1: 2 op, 353519000.00 ns, 176.7595 ms/op
WorkloadPilot    2: 3 op, 508413600.00 ns, 169.4712 ms/op

WorkloadWarmup   1: 3 op, 504924000.00 ns, 168.3080 ms/op
WorkloadWarmup   2: 3 op, 505902800.00 ns, 168.6343 ms/op
WorkloadWarmup   3: 3 op, 507067200.00 ns, 169.0224 ms/op
WorkloadWarmup   4: 3 op, 525259600.00 ns, 175.0865 ms/op
WorkloadWarmup   5: 3 op, 511112600.00 ns, 170.3709 ms/op
WorkloadWarmup   6: 3 op, 502154200.00 ns, 167.3847 ms/op
WorkloadWarmup   7: 3 op, 492199600.00 ns, 164.0665 ms/op
WorkloadWarmup   8: 3 op, 495671600.00 ns, 165.2239 ms/op
WorkloadWarmup   9: 3 op, 487891400.00 ns, 162.6305 ms/op

// BeforeActualRun
WorkloadActual   1: 3 op, 485065000.00 ns, 161.6883 ms/op
WorkloadActual   2: 3 op, 489893900.00 ns, 163.2980 ms/op
WorkloadActual   3: 3 op, 476537800.00 ns, 158.8459 ms/op
WorkloadActual   4: 3 op, 494187300.00 ns, 164.7291 ms/op
WorkloadActual   5: 3 op, 485034700.00 ns, 161.6782 ms/op
WorkloadActual   6: 3 op, 489883800.00 ns, 163.2946 ms/op
WorkloadActual   7: 3 op, 486064800.00 ns, 162.0216 ms/op
WorkloadActual   8: 3 op, 502656100.00 ns, 167.5520 ms/op
WorkloadActual   9: 3 op, 482319300.00 ns, 160.7731 ms/op
WorkloadActual  10: 3 op, 561528000.00 ns, 187.1760 ms/op
WorkloadActual  11: 3 op, 674111800.00 ns, 224.7039 ms/op
WorkloadActual  12: 3 op, 575705200.00 ns, 191.9017 ms/op
WorkloadActual  13: 3 op, 514415300.00 ns, 171.4718 ms/op
WorkloadActual  14: 3 op, 482058200.00 ns, 160.6861 ms/op
WorkloadActual  15: 3 op, 486168900.00 ns, 162.0563 ms/op
WorkloadActual  16: 3 op, 491660500.00 ns, 163.8868 ms/op
WorkloadActual  17: 3 op, 488888400.00 ns, 162.9628 ms/op
WorkloadActual  18: 3 op, 492260500.00 ns, 164.0868 ms/op

// AfterActualRun
WorkloadResult   1: 3 op, 485065000.00 ns, 161.6883 ms/op
WorkloadResult   2: 3 op, 489893900.00 ns, 163.2980 ms/op
WorkloadResult   3: 3 op, 476537800.00 ns, 158.8459 ms/op
WorkloadResult   4: 3 op, 494187300.00 ns, 164.7291 ms/op
WorkloadResult   5: 3 op, 485034700.00 ns, 161.6782 ms/op
WorkloadResult   6: 3 op, 489883800.00 ns, 163.2946 ms/op
WorkloadResult   7: 3 op, 486064800.00 ns, 162.0216 ms/op
WorkloadResult   8: 3 op, 502656100.00 ns, 167.5520 ms/op
WorkloadResult   9: 3 op, 482319300.00 ns, 160.7731 ms/op
WorkloadResult  10: 3 op, 514415300.00 ns, 171.4718 ms/op
WorkloadResult  11: 3 op, 482058200.00 ns, 160.6861 ms/op
WorkloadResult  12: 3 op, 486168900.00 ns, 162.0563 ms/op
WorkloadResult  13: 3 op, 491660500.00 ns, 163.8868 ms/op
WorkloadResult  14: 3 op, 488888400.00 ns, 162.9628 ms/op
WorkloadResult  15: 3 op, 492260500.00 ns, 164.0868 ms/op
// GC:  1187 1055 1055 3838860792 3
// Threading:  0 0 3

// AfterAll
// Benchmark Process 12068 has exited with code 0.

Mean = 163.269 ms, StdErr = 0.785 ms (0.48%), N = 15, StdDev = 3.041 ms
Min = 158.846 ms, Q1 = 161.683 ms, Median = 162.963 ms, Q3 = 163.987 ms, Max = 171.472 ms
IQR = 2.304 ms, LowerFence = 158.228 ms, UpperFence = 167.442 ms
ConfidenceInterval = [160.018 ms; 166.519 ms] (CI 99.9%), Margin = 3.251 ms (1.99% of Mean)
Skewness = 1.19, Kurtosis = 4.18, MValue = 2

// ** Remained 3 (37.5%) benchmark(s) to run. Estimated finish 2026-09-26 1:46 (0h 0m from now) **
Setup power plan (GUID: 8c5e7fda-e8bf-4a96-9a85-a6e23a8c635c FriendlyName: High performance)
// **************************
// Benchmark: StringBenchmark.StringBuilderConcatenation: DefaultJob [Iterations=10000]
// *** Execute ***
// Launch: 1 / 1
// Execute: dotnet Assignment-4-DefaultJob-1.dll --anonymousPipes 1676 1672 --benchmarkName "Assignment_4.StringBenchmark.StringBuilderConcatenation(Iterations: 10000)" --job Default --benchmarkId 5 in D:\Simulation Academy\Assignments\Assignment-4\Assignment-4\bin\Release\net10.0\Assignment-4-DefaultJob-1\bin\Release\net10.0
// BeforeAnythingElse

// Benchmark Process Environment Information:
// BenchmarkDotNet v0.15.8
// Runtime=.NET 10.0.12 (10.0.12, 10.0.1226.42308), X64 RyuJIT x86-64-v3
// GC=Concurrent Workstation
// HardwareIntrinsics=AVX2+BMI1+BMI2+F16C+FMA+LZCNT+MOVBE,AVX,SSE3+SSSE3+SSE4.1+SSE4.2+POPCNT,X86Base+SSE+SSE2,AES+PCLMUL VectorSize=256
// Job: DefaultJob

OverheadJitting  1: 1 op, 299000.00 ns, 299.0000 us/op
WorkloadJitting  1: 1 op, 7436000.00 ns, 7.4360 ms/op

OverheadJitting  2: 16 op, 564300.00 ns, 35.2688 us/op
WorkloadJitting  2: 16 op, 13491800.00 ns, 843.2375 us/op

WorkloadPilot    1: 16 op, 10278900.00 ns, 642.4313 us/op
WorkloadPilot    2: 32 op, 17560000.00 ns, 548.7500 us/op
WorkloadPilot    3: 64 op, 33155200.00 ns, 518.0500 us/op
WorkloadPilot    4: 128 op, 67100000.00 ns, 524.2188 us/op
WorkloadPilot    5: 256 op, 127142700.00 ns, 496.6512 us/op
WorkloadPilot    6: 512 op, 241458200.00 ns, 471.5980 us/op
WorkloadPilot    7: 1024 op, 456209100.00 ns, 445.5167 us/op
WorkloadPilot    8: 2048 op, 885167900.00 ns, 432.2109 us/op

OverheadWarmup   1: 2048 op, 17100.00 ns, 8.3496 ns/op
OverheadWarmup   2: 2048 op, 9000.00 ns, 4.3945 ns/op
OverheadWarmup   3: 2048 op, 15800.00 ns, 7.7148 ns/op
OverheadWarmup   4: 2048 op, 8700.00 ns, 4.2480 ns/op
OverheadWarmup   5: 2048 op, 8600.00 ns, 4.1992 ns/op
OverheadWarmup   6: 2048 op, 8500.00 ns, 4.1504 ns/op
OverheadWarmup   7: 2048 op, 8300.00 ns, 4.0527 ns/op
OverheadWarmup   8: 2048 op, 8300.00 ns, 4.0527 ns/op
OverheadWarmup   9: 2048 op, 8300.00 ns, 4.0527 ns/op

OverheadActual   1: 2048 op, 8600.00 ns, 4.1992 ns/op
OverheadActual   2: 2048 op, 15900.00 ns, 7.7637 ns/op
OverheadActual   3: 2048 op, 8800.00 ns, 4.2969 ns/op
OverheadActual   4: 2048 op, 8500.00 ns, 4.1504 ns/op
OverheadActual   5: 2048 op, 8400.00 ns, 4.1016 ns/op
OverheadActual   6: 2048 op, 8400.00 ns, 4.1016 ns/op
OverheadActual   7: 2048 op, 8400.00 ns, 4.1016 ns/op
OverheadActual   8: 2048 op, 8500.00 ns, 4.1504 ns/op
OverheadActual   9: 2048 op, 8200.00 ns, 4.0039 ns/op
OverheadActual  10: 2048 op, 8200.00 ns, 4.0039 ns/op
OverheadActual  11: 2048 op, 8400.00 ns, 4.1016 ns/op
OverheadActual  12: 2048 op, 8500.00 ns, 4.1504 ns/op
OverheadActual  13: 2048 op, 8300.00 ns, 4.0527 ns/op
OverheadActual  14: 2048 op, 8500.00 ns, 4.1504 ns/op
OverheadActual  15: 2048 op, 8200.00 ns, 4.0039 ns/op

WorkloadWarmup   1: 2048 op, 914113000.00 ns, 446.3442 us/op
WorkloadWarmup   2: 2048 op, 879694000.00 ns, 429.5381 us/op
WorkloadWarmup   3: 2048 op, 890502500.00 ns, 434.8157 us/op
WorkloadWarmup   4: 2048 op, 877188600.00 ns, 428.3147 us/op
WorkloadWarmup   5: 2048 op, 908114900.00 ns, 443.4155 us/op
WorkloadWarmup   6: 2048 op, 893962800.00 ns, 436.5053 us/op

// BeforeActualRun
WorkloadActual   1: 2048 op, 912851600.00 ns, 445.7283 us/op
WorkloadActual   2: 2048 op, 911519800.00 ns, 445.0780 us/op
WorkloadActual   3: 2048 op, 913677400.00 ns, 446.1315 us/op
WorkloadActual   4: 2048 op, 915895400.00 ns, 447.2146 us/op
WorkloadActual   5: 2048 op, 913257300.00 ns, 445.9264 us/op
WorkloadActual   6: 2048 op, 927944500.00 ns, 453.0979 us/op
WorkloadActual   7: 2048 op, 917956400.00 ns, 448.2209 us/op
WorkloadActual   8: 2048 op, 922002300.00 ns, 450.1964 us/op
WorkloadActual   9: 2048 op, 939010300.00 ns, 458.5011 us/op
WorkloadActual  10: 2048 op, 956922100.00 ns, 467.2471 us/op
WorkloadActual  11: 2048 op, 945718000.00 ns, 461.7764 us/op
WorkloadActual  12: 2048 op, 944532300.00 ns, 461.1974 us/op
WorkloadActual  13: 2048 op, 928179200.00 ns, 453.2125 us/op
WorkloadActual  14: 2048 op, 945205900.00 ns, 461.5263 us/op
WorkloadActual  15: 2048 op, 936423300.00 ns, 457.2379 us/op

// AfterActualRun
WorkloadResult   1: 2048 op, 912843200.00 ns, 445.7242 us/op
WorkloadResult   2: 2048 op, 911511400.00 ns, 445.0739 us/op
WorkloadResult   3: 2048 op, 913669000.00 ns, 446.1274 us/op
WorkloadResult   4: 2048 op, 915887000.00 ns, 447.2104 us/op
WorkloadResult   5: 2048 op, 913248900.00 ns, 445.9223 us/op
WorkloadResult   6: 2048 op, 927936100.00 ns, 453.0938 us/op
WorkloadResult   7: 2048 op, 917948000.00 ns, 448.2168 us/op
WorkloadResult   8: 2048 op, 921993900.00 ns, 450.1923 us/op
WorkloadResult   9: 2048 op, 939001900.00 ns, 458.4970 us/op
WorkloadResult  10: 2048 op, 956913700.00 ns, 467.2430 us/op
WorkloadResult  11: 2048 op, 945709600.00 ns, 461.7723 us/op
WorkloadResult  12: 2048 op, 944523900.00 ns, 461.1933 us/op
WorkloadResult  13: 2048 op, 928170800.00 ns, 453.2084 us/op
WorkloadResult  14: 2048 op, 945197500.00 ns, 461.5222 us/op
WorkloadResult  15: 2048 op, 936414900.00 ns, 457.2338 us/op
// GC:  591 392 157 2708459024 2048
// Threading:  0 0 2048

// AfterAll
// Benchmark Process 31468 has exited with code 0.

Mean = 453.482 μs, StdErr = 1.879 μs (0.41%), N = 15, StdDev = 7.278 μs
Min = 445.074 μs, Q1 = 446.669 μs, Median = 453.094 μs, Q3 = 459.845 μs, Max = 467.243 μs
IQR = 13.176 μs, LowerFence = 426.905 μs, UpperFence = 479.609 μs
ConfidenceInterval = [445.701 μs; 461.263 μs] (CI 99.9%), Margin = 7.781 μs (1.72% of Mean)
Skewness = 0.35, Kurtosis = 1.58, MValue = 2

// ** Remained 2 (25.0%) benchmark(s) to run. Estimated finish 2026-09-26 1:47 (0h 0m from now) **
Setup power plan (GUID: 8c5e7fda-e8bf-4a96-9a85-a6e23a8c635c FriendlyName: High performance)
// **************************
// Benchmark: StringBenchmark.StringConcatenation: DefaultJob [Iterations=100000]
// *** Execute ***
// Launch: 1 / 1
// Execute: dotnet Assignment-4-DefaultJob-1.dll --anonymousPipes 1688 1680 --benchmarkName "Assignment_4.StringBenchmark.StringConcatenation(Iterations: 100000)" --job Default --benchmarkId 6 in D:\Simulation Academy\Assignments\Assignment-4\Assignment-4\bin\Release\net10.0\Assignment-4-DefaultJob-1\bin\Release\net10.0
// BeforeAnythingElse

// Benchmark Process Environment Information:
// BenchmarkDotNet v0.15.8
// Runtime=.NET 10.0.12 (10.0.12, 10.0.1226.42308), X64 RyuJIT x86-64-v3
// GC=Concurrent Workstation
// HardwareIntrinsics=AVX2+BMI1+BMI2+F16C+FMA+LZCNT+MOVBE,AVX,SSE3+SSSE3+SSE4.1+SSE4.2+POPCNT,X86Base+SSE+SSE2,AES+PCLMUL VectorSize=256
// Job: DefaultJob

OverheadJitting  1: 1 op, 254100.00 ns, 254.1000 us/op
WorkloadJitting  1: 1 op, 33615060300.00 ns, 33.6151 s/op

WorkloadWarmup   1: 1 op, 36368324100.00 ns, 36.3683 s/op
WorkloadWarmup   2: 1 op, 42088156700.00 ns, 42.0882 s/op
WorkloadWarmup   3: 1 op, 42266329100.00 ns, 42.2663 s/op
WorkloadWarmup   4: 1 op, 49458437200.00 ns, 49.4584 s/op
WorkloadWarmup   5: 1 op, 47165745700.00 ns, 47.1657 s/op
WorkloadWarmup   6: 1 op, 43232193500.00 ns, 43.2322 s/op
WorkloadWarmup   7: 1 op, 47972389800.00 ns, 47.9724 s/op
WorkloadWarmup   8: 1 op, 49621577300.00 ns, 49.6216 s/op
WorkloadWarmup   9: 1 op, 41433776100.00 ns, 41.4338 s/op

// BeforeActualRun
WorkloadActual   1: 1 op, 53284203300.00 ns, 53.2842 s/op
WorkloadActual   2: 1 op, 46589764700.00 ns, 46.5898 s/op
WorkloadActual   3: 1 op, 52522951000.00 ns, 52.5230 s/op
WorkloadActual   4: 1 op, 52302926800.00 ns, 52.3029 s/op
WorkloadActual   5: 1 op, 56595788800.00 ns, 56.5958 s/op
WorkloadActual   6: 1 op, 52647440300.00 ns, 52.6474 s/op
WorkloadActual   7: 1 op, 45263244500.00 ns, 45.2632 s/op
WorkloadActual   8: 1 op, 53671195200.00 ns, 53.6712 s/op
WorkloadActual   9: 1 op, 44154669300.00 ns, 44.1547 s/op
WorkloadActual  10: 1 op, 45490040000.00 ns, 45.4900 s/op
WorkloadActual  11: 1 op, 41628525600.00 ns, 41.6285 s/op
WorkloadActual  12: 1 op, 53104399900.00 ns, 53.1044 s/op
WorkloadActual  13: 1 op, 68512691000.00 ns, 1.1419 m/op
WorkloadActual  14: 1 op, 43456431700.00 ns, 